// Jest Snapshot v1, https://goo.gl/fbAQLP

exports[` AarDesignation  should have class and be in the document  1`] = `
<div
  class="sc-bdfBwQ bBNLzT"
>
  GS
</div>
`;
